###############################################################################
#
# IAR ELF Linker V8.10.1.12857/W32 for ARM                01/May/2018  20:43:00
# Copyright 2007-2017 IAR Systems AB.
#
#    Output file  =  
#        F:\RTOS\11_ucos-Vfs\1_源码\stm32f4\Out\stm32f1\Exe\ucos_vfs.out
#    Map file     =  
#        F:\RTOS\11_ucos-Vfs\1_源码\stm32f4\Out\stm32f1\List\ucos_vfs.map
#    Command line =  
#        -f C:\Users\ADMINI~1\AppData\Local\Temp\EWF57.tmp
#        (F:\RTOS\11_ucos-Vfs\1_源码\stm32f4\Out\stm32f1\Obj\clock.o
#        F:\RTOS\11_ucos-Vfs\1_源码\stm32f4\Out\stm32f1\Obj\core_cm3.o
#        F:\RTOS\11_ucos-Vfs\1_源码\stm32f4\Out\stm32f1\Obj\deviceInterface.o
#        F:\RTOS\11_ucos-Vfs\1_源码\stm32f4\Out\stm32f1\Obj\main.o
#        F:\RTOS\11_ucos-Vfs\1_源码\stm32f4\Out\stm32f1\Obj\misc.o
#        F:\RTOS\11_ucos-Vfs\1_源码\stm32f4\Out\stm32f1\Obj\os_core.o
#        F:\RTOS\11_ucos-Vfs\1_源码\stm32f4\Out\stm32f1\Obj\os_cpu_a.o
#        F:\RTOS\11_ucos-Vfs\1_源码\stm32f4\Out\stm32f1\Obj\os_cpu_c.o
#        F:\RTOS\11_ucos-Vfs\1_源码\stm32f4\Out\stm32f1\Obj\os_dbg.o
#        F:\RTOS\11_ucos-Vfs\1_源码\stm32f4\Out\stm32f1\Obj\os_flag.o
#        F:\RTOS\11_ucos-Vfs\1_源码\stm32f4\Out\stm32f1\Obj\os_mbox.o
#        F:\RTOS\11_ucos-Vfs\1_源码\stm32f4\Out\stm32f1\Obj\os_mem.o
#        F:\RTOS\11_ucos-Vfs\1_源码\stm32f4\Out\stm32f1\Obj\os_mutex.o
#        F:\RTOS\11_ucos-Vfs\1_源码\stm32f4\Out\stm32f1\Obj\os_q.o
#        F:\RTOS\11_ucos-Vfs\1_源码\stm32f4\Out\stm32f1\Obj\os_sem.o
#        F:\RTOS\11_ucos-Vfs\1_源码\stm32f4\Out\stm32f1\Obj\os_task.o
#        F:\RTOS\11_ucos-Vfs\1_源码\stm32f4\Out\stm32f1\Obj\os_time.o
#        F:\RTOS\11_ucos-Vfs\1_源码\stm32f4\Out\stm32f1\Obj\os_tmr.o
#        F:\RTOS\11_ucos-Vfs\1_源码\stm32f4\Out\stm32f1\Obj\serial.o
#        F:\RTOS\11_ucos-Vfs\1_源码\stm32f4\Out\stm32f1\Obj\startup_stm32f10x_md.o
#        F:\RTOS\11_ucos-Vfs\1_源码\stm32f4\Out\stm32f1\Obj\stm32f10x_gpio.o
#        F:\RTOS\11_ucos-Vfs\1_源码\stm32f4\Out\stm32f1\Obj\stm32f10x_it.o
#        F:\RTOS\11_ucos-Vfs\1_源码\stm32f4\Out\stm32f1\Obj\stm32f10x_pwr.o
#        F:\RTOS\11_ucos-Vfs\1_源码\stm32f4\Out\stm32f1\Obj\stm32f10x_rcc.o
#        F:\RTOS\11_ucos-Vfs\1_源码\stm32f4\Out\stm32f1\Obj\stm32f10x_usart.o
#        F:\RTOS\11_ucos-Vfs\1_源码\stm32f4\Out\stm32f1\Obj\system_stm32f10x.o
#        F:\RTOS\11_ucos-Vfs\1_源码\stm32f4\Out\stm32f1\Obj\usart.o -o
#        F:\RTOS\11_ucos-Vfs\1_源码\stm32f4\Out\stm32f1\Exe\ucos_vfs.out
#        --redirect _Printf=_PrintfFullNoMb --redirect _Scanf=_ScanfFullNoMb
#        --map
#        F:\RTOS\11_ucos-Vfs\1_源码\stm32f4\Out\stm32f1\List\ucos_vfs.map
#        --config
#        F:\RTOS\11_ucos-Vfs\1_源码\stm32f4\bsp\stm32f4\stm32f4xx_flash.icf
#        --semihosting --entry __iar_program_start --vfe --text_out locale)
#
###############################################################################

*******************************************************************************
*** RUNTIME MODEL ATTRIBUTES
***

CppFlavor       = *
__SystemLibrary = DLib
__dlib_version  = 6


*******************************************************************************
*** HEAP SELECTION
***

The basic heap was selected because no calls to memory allocation
functions were found in the application outside of system library
functions, and there are calls to deallocation functions in the
application.


*******************************************************************************
*** PLACEMENT SUMMARY
***

"A0":  place at 0x08000000 { ro section .intvec };
"P1":  place in [from 0x08000000 to 0x081fffff] { ro };
"P2":  place in [from 0x20000000 to 0x2002ffff] { rw, block CSTACK, block HEAP };
initialize by copy { rw };

  Section            Kind        Address    Size  Object
  -------            ----        -------    ----  ------
"A0":                                       0xec
  .intvec            ro code  0x08000000    0xec  startup_stm32f10x_md.o [1]
                            - 0x080000ec    0xec

"P1":                                     0x396a
  .text              ro code  0x080000ec   0xdee  xprintffull_nomb.o [3]
  .text              ro code  0x08000edc    0x16  strchr.o [5]
  .text              ro code  0x08000ef4    0x44  xfail_s.o [3]
  .text              ro code  0x08000f38    0x36  strlen.o [5]
  .text              ro code  0x08000f70    0x58  memchr.o [5]
  .text              ro code  0x08000fc8    0xee  I64DivMod.o [5]
  .text              ro code  0x080010b8   0x1a2  DblMul.o [4]
  .text              ro code  0x0800125c    0xa6  ABImemcpy.o [5]
  .text              ro code  0x08001304    0x70  frexp.o [4]
  .text              ro code  0x08001374    0x2e  DblCmpLe.o [4]
  .text              ro code  0x080013a4    0x2e  DblCmpGe.o [4]
  .text              ro code  0x080013d4   0x13a  ldexp.o [4]
  .text              ro code  0x08001510    0x3a  DblToS32.o [4]
  .text              ro code  0x0800154c    0x22  S32ToDbl.o [4]
  .text              ro code  0x08001570    0xe2  DblSub.o [4]
  .text              ro code  0x08001654   0x246  DblDiv.o [4]
  .text              ro code  0x0800189c    0x28  DblToU32.o [4]
  .text              ro code  0x080018c4    0x1a  U32ToDbl.o [4]
  .text              ro code  0x080018e0     0xc  xlocale_c.o [3]
  .text              ro code  0x080018ec     0xe  div.o [3]
  .text              ro code  0x080018fa     0x6  abort.o [3]
  .text              ro code  0x08001900     0x2  I64DivZer.o [5]
  .text              ro code  0x08001904   0x168  DblAdd.o [4]
  .text              ro code  0x08001a6c    0x14  exit.o [6]
  .text              ro code  0x08001a80   0x730  os_core.o [1]
  .text              ro code  0x080021b0    0x8a  os_cpu_c.o [1]
  .text              ro code  0x0800223c    0x5c  os_flag.o [1]
  .text              ro code  0x08002298    0x54  os_q.o [1]
  CODE               ro code  0x080022ec    0xb4  os_cpu_a.o [1]
  .text              ro code  0x080023a0    0xc8  os_time.o [1]
  .text              ro code  0x08002468   0x2e8  os_task.o [1]
  .text              ro code  0x08002750   0x32a  serial.o [1]
  .text              ro code  0x08002a7c   0x140  deviceInterface.o [1]
  .text              ro code  0x08002bbc    0x4c  strcpy.o [5]
  .text              ro code  0x08002c08    0x28  printf.o [3]
  .text              ro code  0x08002c30    0x4a  strcmp.o [5]
  .text              ro code  0x08002c7c   0x280  usart.o [1]
  .text              ro code  0x08002efc   0x1d6  stm32f10x_usart.o [1]
  .text              ro code  0x080030d4    0xf4  stm32f10x_rcc.o [1]
  .text              ro code  0x080031c8    0xc4  stm32f10x_gpio.o [1]
  .text              ro code  0x0800328c    0x78  misc.o [1]
  .text              ro code  0x08003304   0x158  system_stm32f10x.o [1]
  .rodata            const    0x0800345c   0x100  os_core.o [1]
  .text              ro code  0x0800355c    0xe8  main.o [1]
  .text              ro code  0x08003644    0x90  clock.o [1]
  .rodata            const    0x080036d4    0x50  main.o [1]
  .text              ro code  0x08003724    0x40  zero_init3.o [5]
  .rodata            const    0x08003764    0x38  deviceInterface.o [1]
  .text              ro code  0x0800379c    0x38  packbits_init_single.o [5]
  .text              ro code  0x080037d4    0x28  data_init.o [5]
  .iar.init_table    const    0x080037fc    0x20  - Linker created -
  .text              ro code  0x0800381c    0x1a  cmain.o [5]
  .text              ro code  0x08003836     0x4  low_level_init.o [3]
  .text              ro code  0x0800383a     0x4  exit.o [3]
  .text              ro code  0x08003840     0xa  cexit.o [5]
  .text              ro code  0x0800384a    0x16  xprout.o [3]
  .text              ro code  0x08003860     0xc  putchar.o [3]
  .rodata            const    0x0800386c    0x10  main.o [1]
  .rodata            const    0x0800387c    0x10  main.o [1]
  .rodata            const    0x0800388c    0x10  os_core.o [1]
  .rodata            const    0x0800389c    0x10  os_core.o [1]
  .rodata            const    0x080038ac    0x10  usart.o [1]
  .text              ro code  0x080038bc    0x10  startup_stm32f10x_md.o [1]
  .text              ro code  0x080038cc     0xe  stm32f10x_it.o [1]
  .text              ro code  0x080038da     0xc  cstartup_M.o [5]
  .rodata            const    0x080038e8     0x8  main.o [1]
  .rodata            const    0x080038f0     0x8  usart.o [1]
  .rodata            const    0x080038f8     0x8  usart.o [1]
  .rodata            const    0x08003900     0x4  xlocale_c.o [3]
  .text              ro code  0x08003904     0x4  startup_stm32f10x_md.o [1]
  .text              ro code  0x08003908     0x4  startup_stm32f10x_md.o [1]
  .text              ro code  0x0800390c     0x4  startup_stm32f10x_md.o [1]
  .text              ro code  0x08003910     0x4  startup_stm32f10x_md.o [1]
  .text              ro code  0x08003914     0x4  startup_stm32f10x_md.o [1]
  .text              ro code  0x08003918     0x4  startup_stm32f10x_md.o [1]
  .text              ro code  0x0800391c     0x4  startup_stm32f10x_md.o [1]
  .text              ro code  0x08003920     0x4  startup_stm32f10x_md.o [1]
  .text              ro code  0x08003924     0x4  startup_stm32f10x_md.o [1]
  .text              ro code  0x08003928     0x4  startup_stm32f10x_md.o [1]
  .text              ro code  0x0800392c     0x4  startup_stm32f10x_md.o [1]
  .text              ro code  0x08003930     0x4  startup_stm32f10x_md.o [1]
  .text              ro code  0x08003934     0x4  startup_stm32f10x_md.o [1]
  .text              ro code  0x08003938     0x4  startup_stm32f10x_md.o [1]
  .text              ro code  0x0800393c     0x4  startup_stm32f10x_md.o [1]
  .text              ro code  0x08003940     0x4  startup_stm32f10x_md.o [1]
  .text              ro code  0x08003944     0x4  startup_stm32f10x_md.o [1]
  .text              ro code  0x08003948     0x4  startup_stm32f10x_md.o [1]
  .text              ro code  0x0800394c     0x4  startup_stm32f10x_md.o [1]
  .text              ro code  0x08003950     0x4  startup_stm32f10x_md.o [1]
  .text              ro code  0x08003954     0x4  startup_stm32f10x_md.o [1]
  .text              ro code  0x08003958     0x4  startup_stm32f10x_md.o [1]
  .text              ro code  0x0800395c     0x4  startup_stm32f10x_md.o [1]
  .text              ro code  0x08003960     0x4  startup_stm32f10x_md.o [1]
  .text              ro code  0x08003964     0x4  startup_stm32f10x_md.o [1]
  .text              ro code  0x08003968     0x4  startup_stm32f10x_md.o [1]
  .text              ro code  0x0800396c     0x4  startup_stm32f10x_md.o [1]
  .text              ro code  0x08003970     0x4  startup_stm32f10x_md.o [1]
  .text              ro code  0x08003974     0x4  startup_stm32f10x_md.o [1]
  .text              ro code  0x08003978     0x4  startup_stm32f10x_md.o [1]
  .text              ro code  0x0800397c     0x4  startup_stm32f10x_md.o [1]
  .text              ro code  0x08003980     0x4  startup_stm32f10x_md.o [1]
  .text              ro code  0x08003984     0x4  startup_stm32f10x_md.o [1]
  .text              ro code  0x08003988     0x4  startup_stm32f10x_md.o [1]
  .text              ro code  0x0800398c     0x4  startup_stm32f10x_md.o [1]
  .text              ro code  0x08003990     0x4  startup_stm32f10x_md.o [1]
  .text              ro code  0x08003994     0x4  startup_stm32f10x_md.o [1]
  .text              ro code  0x08003998     0x4  startup_stm32f10x_md.o [1]
  .text              ro code  0x0800399c     0x4  startup_stm32f10x_md.o [1]
  .text              ro code  0x080039a0     0x4  startup_stm32f10x_md.o [1]
  .text              ro code  0x080039a4     0x4  startup_stm32f10x_md.o [1]
  .text              ro code  0x080039a8     0x4  startup_stm32f10x_md.o [1]
  .text              ro code  0x080039ac     0x4  startup_stm32f10x_md.o [1]
  .text              ro code  0x080039b0     0x4  startup_stm32f10x_md.o [1]
  .text              ro code  0x080039b4     0x4  startup_stm32f10x_md.o [1]
  .text              ro code  0x080039b8     0x4  startup_stm32f10x_md.o [1]
  .text              ro code  0x080039bc     0x4  startup_stm32f10x_md.o [1]
  .text              ro code  0x080039c0     0x4  startup_stm32f10x_md.o [1]
  .text              ro code  0x080039c4     0x4  startup_stm32f10x_md.o [1]
  .text              ro code  0x080039c8     0x4  startup_stm32f10x_md.o [1]
  .text              ro code  0x080039cc     0x4  startup_stm32f10x_md.o [1]
  .text              ro code  0x080039d0     0x4  startup_stm32f10x_md.o [1]
  .rodata            const    0x080039d4     0x0  zero_init3.o [5]
  .rodata            const    0x080039d4     0x0  packbits_init_single.o [5]
  Initializer bytes  const    0x080039d4    0x82  <for P2-1>
                            - 0x08003a56  0x396a

"P2", part 1 of 3:                          0xb0
  P2-1                        0x20000000    0xb0  <Init block>
    .data            inited   0x20000000    0x10  deviceInterface.o [1]
    .data            inited   0x20000010    0x10  stm32f10x_rcc.o [1]
    .data            inited   0x20000020     0x4  stm32f10x_rcc.o [1]
    .data            inited   0x20000024     0x4  system_stm32f10x.o [1]
    .data            inited   0x20000028     0x8  usart.o [1]
    .data            inited   0x20000030    0x38  xlocale_c.o [3]
    .data            inited   0x20000068    0x48  xfiles.o [3]
                            - 0x200000b0    0xb0

"P2", part 2 of 3:                         0x400
  CSTACK                      0x200000b0   0x400  <Block>
    CSTACK           uninit   0x200000b0   0x400  <Block tail>
                            - 0x200004b0   0x400

"P2", part 3 of 3:                        0x11cc
  .bss               zero     0x200004b0   0x3f0  os_core.o [1]
  .bss               zero     0x200008a0   0x200  main.o [1]
  .bss               zero     0x20000aa0   0x200  main.o [1]
  .bss               zero     0x20000ca0   0x200  main.o [1]
  .bss               zero     0x20000ea0   0x200  os_core.o [1]
  .bss               zero     0x200010a0   0x200  os_core.o [1]
  .bss               zero     0x200012a0   0x100  os_core.o [1]
  .bss               zero     0x200013a0    0xc8  os_core.o [1]
  .bss               zero     0x20001468    0x78  os_core.o [1]
  .bss               zero     0x200014e0    0x70  usart.o [1]
  .bss               zero     0x20001550    0x50  os_core.o [1]
  .bss               zero     0x200015a0    0x50  xfiles.o [3]
  .bss               zero     0x200015f0    0x40  usart.o [1]
  .bss               zero     0x20001630     0x8  os_core.o [1]
  .bss               zero     0x20001638     0x4  main.o [1]
  .bss               zero     0x2000163c     0x4  os_core.o [1]
  .bss               zero     0x20001640     0x4  os_core.o [1]
  .bss               zero     0x20001644     0x4  os_core.o [1]
  .bss               zero     0x20001648     0x4  os_core.o [1]
  .bss               zero     0x2000164c     0x4  os_core.o [1]
  .bss               zero     0x20001650     0x4  os_core.o [1]
  .bss               zero     0x20001654     0x4  os_core.o [1]
  .bss               zero     0x20001658     0x4  os_core.o [1]
  .bss               zero     0x2000165c     0x4  os_core.o [1]
  .bss               zero     0x20001660     0x4  os_core.o [1]
  .bss               zero     0x20001664     0x4  os_core.o [1]
  .bss               zero     0x20001668     0x4  os_core.o [1]
  .bss               zero     0x2000166c     0x4  xfail_s.o [3]
  .bss               zero     0x20001670     0x1  os_core.o [1]
  .bss               zero     0x20001671     0x1  os_core.o [1]
  .bss               zero     0x20001672     0x1  os_core.o [1]
  .bss               zero     0x20001673     0x1  os_core.o [1]
  .bss               zero     0x20001674     0x1  os_core.o [1]
  .bss               zero     0x20001675     0x1  os_core.o [1]
  .bss               zero     0x20001676     0x1  os_core.o [1]
  .bss               zero     0x20001677     0x1  os_core.o [1]
  .bss               zero     0x20001678     0x1  os_core.o [1]
  .bss               zero     0x20001679     0x1  os_core.o [1]
                            - 0x2000167a  0x11ca


*******************************************************************************
*** INIT TABLE
***

          Address     Size
          -------     ----
Zero (__iar_zero_init3)
    1 destination range, total size 0x11ca:
          0x200004b0  0x11ca

Copy/packbits (__iar_packbits_init_single3)
    1 source range, total size 0x82 (73% of destination):
          0x080039d4    0x82
    1 destination range, total size 0xb0:
          0x20000000    0xb0



*******************************************************************************
*** MODULE SUMMARY
***

    Module                  ro code  ro data  rw data
    ------                  -------  -------  -------
F:\RTOS\11_ucos-Vfs\1_源码\stm32f4\Out\stm32f1\Obj: [1]
    clock.o                     144
    deviceInterface.o           320       67       16
    main.o                      232      120    1 540
    misc.o                      120
    os_core.o                 1 840      288    2 754
    os_cpu_a.o                  180
    os_cpu_c.o                  138
    os_flag.o                    92
    os_q.o                       84
    os_task.o                   744
    os_time.o                   200
    serial.o                    810
    startup_stm32f10x_md.o      460
    stm32f10x_gpio.o            196
    stm32f10x_it.o               14
    stm32f10x_rcc.o             244       15       20
    stm32f10x_usart.o           470
    system_stm32f10x.o          344        3        4
    usart.o                     640       38      184
    -------------------------------------------------
    Total:                    7 272      531    4 518

command line: [2]
    -------------------------------------------------
    Total:

dl7M_tlf.a: [3]
    abort.o                       6
    div.o                        14
    exit.o                        4
    low_level_init.o              4
    printf.o                     40
    putchar.o                    12
    xfail_s.o                    68                 4
    xfiles.o                              54      152
    xlocale_c.o                  12       45       56
    xprintffull_nomb.o        3 566
    xprout.o                     22
    -------------------------------------------------
    Total:                    3 748       99      212

m7M_tl.a: [4]
    DblAdd.o                    360
    DblCmpGe.o                   46
    DblCmpLe.o                   46
    DblDiv.o                    582
    DblMul.o                    418
    DblSub.o                    226
    DblToS32.o                   58
    DblToU32.o                   40
    S32ToDbl.o                   34
    U32ToDbl.o                   26
    frexp.o                     112
    ldexp.o                     314
    -------------------------------------------------
    Total:                    2 262

rt7M_tl.a: [5]
    ABImemcpy.o                 166
    I64DivMod.o                 238
    I64DivZer.o                   2
    cexit.o                      10
    cmain.o                      26
    cstartup_M.o                 12
    data_init.o                  40
    memchr.o                     88
    packbits_init_single.o       56
    strchr.o                     22
    strcmp.o                     74
    strcpy.o                     76
    strlen.o                     54
    zero_init3.o                 64
    -------------------------------------------------
    Total:                      928

shb_l.a: [6]
    exit.o                       20
    -------------------------------------------------
    Total:                       20

    Gaps                         40        2
    Linker created                        32    1 024
-----------------------------------------------------
    Grand Total:             14 270      664    5 754


*******************************************************************************
*** ENTRY LIST
***

Entry                      Address   Size  Type      Object
-----                      -------   ----  ----      ------
.iar.init_table$$Base   0x080037fc          --   Gb  - Linker created -
.iar.init_table$$Limit  0x0800381c          --   Gb  - Linker created -
?main                   0x0800381d         Code  Gb  cmain.o [5]
ADCPrescTable           0x20000020    0x4  Data  Lc  stm32f10x_rcc.o [1]
APBAHBPrescTable        0x20000010   0x10  Data  Lc  stm32f10x_rcc.o [1]
BusFault_Handler        0x080038d3    0x2  Code  Gb  stm32f10x_it.o [1]
CSTACK$$Base            0x200000b0          --   Gb  - Linker created -
CSTACK$$Limit           0x200004b0          --   Gb  - Linker created -
Clock_Config            0x08003695   0x18  Code  Gb  clock.o [1]
DebugMon_Handler        0x080038d9    0x2  Code  Gb  stm32f10x_it.o [1]
GPIO_Configuration      0x08002e2f   0x36  Code  Lc  usart.o [1]
GPIO_Init               0x080031c9   0xc4  Code  Gb  stm32f10x_gpio.o [1]
HardFault_Handler       0x080038cf    0x2  Code  Gb  stm32f10x_it.o [1]
LoadInt                 0x0800028b   0x7a  Code  Lc  xprintffull_nomb.o [3]
MemManage_Handler       0x080038d1    0x2  Code  Gb  stm32f10x_it.o [1]
NMI_Handler             0x080038cd    0x2  Code  Gb  stm32f10x_it.o [1]
NVIC_Configuration      0x08002e65   0x22  Code  Lc  usart.o [1]
NVIC_DisableIRQ         0x08002c97   0x1a  Code  Lc  usart.o [1]
NVIC_EnableIRQ          0x08002c7d   0x1a  Code  Lc  usart.o [1]
NVIC_Init               0x0800328d   0x66  Code  Gb  misc.o [1]
NVIC_SetPriority        0x08003645   0x22  Code  Lc  clock.o [1]
OSCPUUsage              0x20001670    0x1  Data  Gb  os_core.o [1]
OSCtxSw                 0x0800231b         Code  Gb  os_cpu_a.o [1]
OSCtxSwCtr              0x2000163c    0x4  Data  Gb  os_core.o [1]
OSEventFreeList         0x20001640    0x4  Data  Gb  os_core.o [1]
OSEventTbl              0x200013a0   0xc8  Data  Gb  os_core.o [1]
OSFlagFreeList          0x20001644    0x4  Data  Gb  os_core.o [1]
OSFlagTbl               0x20001550   0x50  Data  Gb  os_core.o [1]
OSIdleCtr               0x20001650    0x4  Data  Gb  os_core.o [1]
OSIdleCtrMax            0x20001648    0x4  Data  Gb  os_core.o [1]
OSIdleCtrRun            0x2000164c    0x4  Data  Gb  os_core.o [1]
OSInit                  0x08001a81   0x2c  Code  Gb  os_core.o [1]
OSInitHookBegin         0x080021b1    0x2  Code  Gb  os_cpu_c.o [1]
OSInitHookEnd           0x080021b3    0x2  Code  Gb  os_cpu_c.o [1]
OSIntCtxSw              0x08002327         Code  Gb  os_cpu_a.o [1]
OSIntEnter              0x08001aad   0x24  Code  Gb  os_core.o [1]
OSIntExit               0x08001ad1   0x94  Code  Gb  os_core.o [1]
OSIntNesting            0x20001672    0x1  Data  Gb  os_core.o [1]
OSLockNesting           0x20001673    0x1  Data  Gb  os_core.o [1]
OSPrioCur               0x20001674    0x1  Data  Gb  os_core.o [1]
OSPrioHighRdy           0x20001675    0x1  Data  Gb  os_core.o [1]
OSQFreeList             0x20001664    0x4  Data  Gb  os_core.o [1]
OSQTbl                  0x20001468   0x78  Data  Gb  os_core.o [1]
OSRdyGrp                0x20001676    0x1  Data  Gb  os_core.o [1]
OSRdyTbl                0x20001630    0x8  Data  Gb  os_core.o [1]
OSRunning               0x20001677    0x1  Data  Gb  os_core.o [1]
OSStart                 0x08001b65   0x42  Code  Gb  os_core.o [1]
OSStartHighRdy          0x080022fb         Code  Gb  os_cpu_a.o [1]
OSStatInit              0x08001ba7   0x3e  Code  Gb  os_core.o [1]
OSStatRdy               0x20001671    0x1  Data  Gb  os_core.o [1]
OSTCBCur                0x20001654    0x4  Data  Gb  os_core.o [1]
OSTCBFreeList           0x20001658    0x4  Data  Gb  os_core.o [1]
OSTCBHighRdy            0x2000165c    0x4  Data  Gb  os_core.o [1]
OSTCBInitHook           0x08002237    0x2  Code  Gb  os_cpu_c.o [1]
OSTCBList               0x20001660    0x4  Data  Gb  os_core.o [1]
OSTCBPrioTbl            0x200012a0  0x100  Data  Gb  os_core.o [1]
OSTCBTbl                0x200004b0  0x3f0  Data  Gb  os_core.o [1]
OSTaskCreate            0x08002469   0xa0  Code  Gb  os_task.o [1]
OSTaskCreateExt         0x08002509   0xaa  Code  Gb  os_task.o [1]
OSTaskCreateHook        0x080021b5    0x2  Code  Gb  os_cpu_c.o [1]
OSTaskCtr               0x20001678    0x1  Data  Gb  os_core.o [1]
OSTaskIdleHook          0x080021b7    0x2  Code  Gb  os_cpu_c.o [1]
OSTaskIdleStk           0x200010a0  0x200  Data  Gb  os_core.o [1]
OSTaskNameSet           0x080025b3   0x5a  Code  Gb  os_task.o [1]
OSTaskStatHook          0x080021b9    0x2  Code  Gb  os_cpu_c.o [1]
OSTaskStatStk           0x20000ea0  0x200  Data  Gb  os_core.o [1]
OSTaskStkChk            0x0800260d   0x76  Code  Gb  os_task.o [1]
OSTaskStkInit           0x080021bb   0x7a  Code  Gb  os_cpu_c.o [1]
OSTaskSuspend           0x08002683   0x9e  Code  Gb  os_task.o [1]
OSTaskSwHook            0x08002235    0x2  Code  Gb  os_cpu_c.o [1]
OSTickStepState         0x20001679    0x1  Data  Gb  os_core.o [1]
OSTime                  0x20001668    0x4  Data  Gb  os_core.o [1]
OSTimeDly               0x080023a1   0x68  Code  Gb  os_time.o [1]
OSTimeDlyHMSM           0x08002409   0x4c  Code  Gb  os_time.o [1]
OSTimeTick              0x08001be5   0xe4  Code  Gb  os_core.o [1]
OSTimeTickHook          0x08002239    0x2  Code  Gb  os_cpu_c.o [1]
OSUnMapTbl              0x0800345c  0x100  Data  Gb  os_core.o [1]
OS_CPU_SR_Restore       0x080022f5         Code  Gb  os_cpu_a.o [1]
OS_CPU_SR_Save          0x080022ed         Code  Gb  os_cpu_a.o [1]
OS_FlagInit             0x0800223d   0x50  Code  Gb  os_flag.o [1]
OS_InitEventList        0x08001cc9   0x5e  Code  Lc  os_core.o [1]
OS_InitMisc             0x08001d27   0x52  Code  Lc  os_core.o [1]
OS_InitRdyList          0x08001d79   0x40  Code  Lc  os_core.o [1]
OS_InitTCBList          0x08001e31   0x6c  Code  Lc  os_core.o [1]
OS_InitTaskIdle         0x08001db9   0x3c  Code  Lc  os_core.o [1]
OS_InitTaskStat         0x08001df5   0x3c  Code  Lc  os_core.o [1]
OS_MemClr               0x08001e9d   0x12  Code  Gb  os_core.o [1]
OS_QInit                0x08002299   0x4a  Code  Gb  os_q.o [1]
OS_Sched                0x08001eaf   0x5c  Code  Gb  os_core.o [1]
OS_SchedNew             0x08001f0b   0x20  Code  Lc  os_core.o [1]
OS_TCBInit              0x08002005  0x12c  Code  Gb  os_core.o [1]
OS_TaskIdle             0x08001f2d   0x1e  Code  Gb  os_core.o [1]
OS_TaskStat             0x08001f4d   0x74  Code  Gb  os_core.o [1]
OS_TaskStatStkChk       0x08001fc1   0x3e  Code  Gb  os_core.o [1]
OS_TaskStkClr           0x08002739   0x18  Code  Gb  os_task.o [1]
PRINT2_TASK_STK         0x20000ca0  0x200  Data  Gb  main.o [1]
PRINT_TASK_STK          0x20000aa0  0x200  Data  Gb  main.o [1]
PendSV_Handler          0x08002335         Code  Gb  os_cpu_a.o [1]
RCC_APB2PeriphClockCmd  0x0800318f   0x20  Code  Gb  stm32f10x_rcc.o [1]
RCC_Configuration       0x08002e19   0x16  Code  Lc  usart.o [1]
RCC_GetClocksFreq       0x080030d5   0xba  Code  Gb  stm32f10x_rcc.o [1]
Region$$Table$$Base     0x080037fc          --   Gb  - Linker created -
Region$$Table$$Limit    0x0800381c          --   Gb  - Linker created -
START_TASK_STK          0x200008a0  0x200  Data  Gb  main.o [1]
SVC_Handler             0x080038d7    0x2  Code  Gb  stm32f10x_it.o [1]
SetSysClock             0x08003359    0x8  Code  Lc  system_stm32f10x.o [1]
SetSysClockTo72         0x08003361   0xe0  Code  Lc  system_stm32f10x.o [1]
SysTick_Config          0x08003667   0x2e  Code  Lc  clock.o [1]
SysTick_Handler         0x080036c5   0x10  Code  Gb  clock.o [1]
SystemCoreClock         0x20000024    0x4  Data  Gb  system_stm32f10x.o [1]
SystemInit              0x08003305   0x54  Code  Gb  system_stm32f10x.o [1]
USART1_IRQHandler       0x08002dc1   0x58  Code  Gb  usart.o [1]
USART_ClearITPendingBit
                        0x080030b3   0x20  Code  Gb  stm32f10x_usart.o [1]
USART_Cmd               0x08002fc1   0x1c  Code  Gb  stm32f10x_usart.o [1]
USART_GetFlagStatus     0x08003033   0x1a  Code  Gb  stm32f10x_usart.o [1]
USART_GetITStatus       0x0800304d   0x66  Code  Gb  stm32f10x_usart.o [1]
USART_ITConfig          0x08002fdd   0x56  Code  Gb  stm32f10x_usart.o [1]
USART_Init              0x08002efd   0xbc  Code  Gb  stm32f10x_usart.o [1]
UsageFault_Handler      0x080038d5    0x2  Code  Gb  stm32f10x_it.o [1]
_GenldFullNoMb          0x08000bef  0x260  Code  Lc  xprintffull_nomb.o [3]
_LdtobFullNoMb          0x080007c7  0x3fe  Code  Lc  xprintffull_nomb.o [3]
_LitobFullNoMb          0x08000677  0x10a  Code  Lc  xprintffull_nomb.o [3]
_Locale_lconv           0x20000030   0x38  Data  Lc  xlocale_c.o [3]
_PrintfFullNoMb         0x080000ed  0x190  Code  Gb  xprintffull_nomb.o [3]
_Prout                  0x0800384b   0x16  Code  Gb  xprout.o [3]
_PutcharsFullNoMb       0x08000e4f   0x2e  Code  Lc  xprintffull_nomb.o [3]
_PutfldFullNoMb         0x08000305  0x264  Code  Lc  xprintffull_nomb.o [3]
_PuttxtFullNoMb         0x08000569  0x10e  Code  Lc  xprintffull_nomb.o [3]
__aeabi_cdcmple         0x08001375         Code  Gb  DblCmpLe.o [4]
__aeabi_cdrcmple        0x080013a5         Code  Gb  DblCmpGe.o [4]
__aeabi_d2iz            0x08001511         Code  Gb  DblToS32.o [4]
__aeabi_d2uiz           0x0800189d         Code  Gb  DblToU32.o [4]
__aeabi_ddiv            0x08001655         Code  Gb  DblDiv.o [4]
__aeabi_dmul            0x080010b9         Code  Gb  DblMul.o [4]
__aeabi_dsub            0x08001571         Code  Gb  DblSub.o [4]
__aeabi_i2d             0x0800154d         Code  Gb  S32ToDbl.o [4]
__aeabi_ldiv0           0x08001901         Code  Gb  I64DivZer.o [5]
__aeabi_memcpy          0x0800125d         Code  Gb  ABImemcpy.o [5]
__aeabi_memcpy4         0x0800127d         Code  Gb  ABImemcpy.o [5]
__aeabi_memcpy8         0x0800127d         Code  Gb  ABImemcpy.o [5]
__aeabi_ui2d            0x080018c5         Code  Gb  U32ToDbl.o [4]
__aeabi_uldivmod        0x08000fc9         Code  Gb  I64DivMod.o [5]
__cmain                 0x0800381d         Code  Gb  cmain.o [5]
__exit                  0x08001a6d   0x14  Code  Gb  exit.o [6]
__iar_Fail_s            0x08000ef5   0x1e  Code  Gb  xfail_s.o [3]
__iar_Memchr            0x08000f71         Code  Gb  memchr.o [5]
__iar_Stdout            0x20000068   0x48  Data  Gb  xfiles.o [3]
__iar_Strchr            0x08000edd         Code  Gb  strchr.o [5]
__iar_dadd              0x08001581         Code  Gb  DblSub.o [4]
__iar_data_init3        0x080037d5   0x28  Code  Gb  data_init.o [5]
__iar_dsub              0x08001905         Code  Gb  DblAdd.o [4]
__iar_dsubStart         0x08001917         Code  Gb  DblAdd.o [4]
__iar_frexp             0x08001311         Code  Gb  frexp.o [4]
__iar_frexp64           0x08001305         Code  Gb  frexp.o [4]
__iar_frexpl            0x08001311         Code  Gb  frexp.o [4]
__iar_ldexp64           0x080013d5         Code  Gb  ldexp.o [4]
__iar_packbits_init_single3
                        0x0800379d   0x38  Code  Gb  packbits_init_single.o [5]
__iar_program_start     0x080038db         Code  Gb  cstartup_M.o [5]
__iar_scalbln64         0x080013d5         Code  Gb  ldexp.o [4]
__iar_scalbn64          0x080013d5         Code  Gb  ldexp.o [4]
__iar_systems$$module {Abs}
                        0x00000001         Data  Gb  command line/config [2]
__iar_zero_init3        0x08003725   0x40  Code  Gb  zero_init3.o [5]
__low_level_init        0x08003837    0x4  Code  Gb  low_level_init.o [3]
__vector_table          0x08000000         Data  Gb  startup_stm32f10x_md.o [1]
_call_main              0x08003829         Code  Gb  cmain.o [5]
_exit                   0x08003841         Code  Gb  cexit.o [5]
_main                   0x08003833         Code  Gb  cmain.o [5]
_serial_int_rx          0x080027b3   0x4c  Code  Gb  serial.o [1]
_serial_int_tx          0x080027ff   0x2c  Code  Gb  serial.o [1]
_serial_poll_rx         0x08002751   0x26  Code  Gb  serial.o [1]
_serial_poll_tx         0x08002777   0x3c  Code  Gb  serial.o [1]
abort                   0x080018fb    0x6  Code  Gb  abort.o [3]
device_find             0x08002b8b   0x2a  Code  Gb  deviceInterface.o [1]
device_open             0x08002aef   0x7e  Code  Gb  deviceInterface.o [1]
device_register         0x08002ab7   0x38  Code  Gb  deviceInterface.o [1]
device_write            0x08002b6d   0x1e  Code  Gb  deviceInterface.o [1]
div                     0x080018ed    0xe  Code  Gb  div.o [3]
exit                    0x0800383b    0x4  Code  Gb  exit.o [3]
fputc                   0x08003609   0x1c  Code  Gb  main.o [1]
frexp                   0x08001305         Code  Gb  frexp.o [4]
frexpl                  0x08001305         Code  Gb  frexp.o [4]
hw_serial_isr           0x080029c9   0xb2  Code  Gb  serial.o [1]
hw_serial_register      0x0800297f   0x32  Code  Gb  serial.o [1]
ldexp                   0x080013d5         Code  Gb  ldexp.o [4]
ldexpl                  0x080013d5         Code  Gb  ldexp.o [4]
list_insert_after       0x08002a7d    0xe  Code  Lc  deviceInterface.o [1]
localeconv              0x080018e1    0x4  Code  Gb  xlocale_c.o [3]
main                    0x0800355d   0x3e  Code  Gb  main.o [1]
memchr                  0x08000f71         Code  Gb  memchr.o [5]
object_container        0x20000000   0x10  Data  Gb  deviceInterface.o [1]
object_init             0x08002a8b   0x2c  Code  Gb  deviceInterface.o [1]
obuf                    0x200015a0   0x50  Data  Lc  xfiles.o [3]
print2_task             0x080035f1   0x18  Code  Gb  main.o [1]
print_task              0x080035d9   0x18  Code  Gb  main.o [1]
printf                  0x08002c09   0x28  Code  Gb  printf.o [3]
putchar                 0x08003861    0xc  Code  Gb  putchar.o [3]
rt_hw_usart_init        0x08002e87   0x4e  Code  Gb  usart.o [1]
scalbln                 0x080013d5         Code  Gb  ldexp.o [4]
scalblnl                0x080013d5         Code  Gb  ldexp.o [4]
scalbn                  0x080013d5         Code  Gb  ldexp.o [4]
scalbnl                 0x080013d5         Code  Gb  ldexp.o [4]
scale                   0x08000781   0x46  Code  Lc  xprintffull_nomb.o [3]
sec_hand                0x2000166c    0x4  Data  Lc  xfail_s.o [3]
serial1                 0x200014e0   0x70  Data  Gb  usart.o [1]
serial1_buf             0x200015f0   0x40  Data  Gb  usart.o [1]
serial_close            0x080028cb   0x32  Code  Lc  serial.o [1]
serial_control          0x0800293d   0x42  Code  Lc  serial.o [1]
serial_init             0x0800282b   0x20  Code  Lc  serial.o [1]
serial_open             0x0800284b   0x80  Code  Lc  serial.o [1]
serial_read             0x080028fd   0x20  Code  Lc  serial.o [1]
serial_write            0x0800291d   0x20  Code  Lc  serial.o [1]
start_task              0x0800359d   0x3a  Code  Gb  main.o [1]
stm32_configure         0x08002cb1   0xaa  Code  Lc  usart.o [1]
stm32_control           0x08002d5b   0x3a  Code  Lc  usart.o [1]
stm32_getc              0x08002da9   0x18  Code  Lc  usart.o [1]
stm32_putc              0x08002d95   0x14  Code  Lc  usart.o [1]
stm32_uart_ops          0x080038ac   0x10  Data  Lc  usart.o [1]
strchr                  0x08000edd         Code  Gb  strchr.o [5]
strcmp                  0x08002c31         Code  Gb  strcmp.o [5]
strcpy                  0x08002bbd         Code  Gb  strcpy.o [5]
strlen                  0x08000f39         Code  Gb  strlen.o [5]
uart1                   0x20000028    0x8  Data  Gb  usart.o [1]
uart_device             0x20001638    0x4  Data  Gb  main.o [1]


[1] = F:\RTOS\11_ucos-Vfs\1_源码\stm32f4\Out\stm32f1\Obj
[2] = command line
[3] = dl7M_tlf.a
[4] = m7M_tl.a
[5] = rt7M_tl.a
[6] = shb_l.a

  14 270 bytes of readonly  code memory
     664 bytes of readonly  data memory
   5 754 bytes of readwrite data memory

Errors: none
Warnings: none
